Violation of critical timing in module Testbench.dut.AND2T_3; 113 ps.

Violation of critical timing in module Testbench.dut.XOR2T_6; 149 ps.

Violation of critical timing in module Testbench.dut.AND2T_8; 149 ps.

Violation of critical timing in module Testbench.dut.DFF_74; 152 ps.

Violation of critical timing in module Testbench.dut.AND2T_3; 173 ps.

Violation of critical timing in module Testbench.dut.XOR2T_11; 188 ps.

Violation of critical timing in module Testbench.dut.DFF_51; 192 ps.

Violation of critical timing in module Testbench.dut.DFF_50; 194 ps.

Violation of critical timing in module Testbench.dut.XOR2T_15; 230 ps.

Violation of critical timing in module Testbench.dut.DFF_51; 232 ps.

Violation of critical timing in module Testbench.dut.AND2T_12; 253 ps.

Violation of critical timing in module Testbench.dut.XOR2T_10; 253 ps.

Violation of critical timing in module Testbench.dut.AND2T_3; 253 ps.

Violation of critical timing in module Testbench.dut.XOR2T_15; 270 ps.

Violation of critical timing in module Testbench.dut.DFF_51; 272 ps.

Violation of critical timing in module Testbench.dut.DFF_51; 312 ps.

Violation of critical timing in module Testbench.dut.AND2T_3; 333 ps.

Violation of critical timing in module Testbench.dut.DFF_47; 352 ps.

Violation of critical timing in module Testbench.dut.DFF_46; 354 ps.

Violation of critical timing in module Testbench.dut.XOR2T_15; 390 ps.

Violation of critical timing in module Testbench.dut.AND2T_8; 390 ps.

Violation of critical timing in module Testbench.dut.DFF_47; 392 ps.

Violation of critical timing in module Testbench.dut.AND2T_3; 413 ps.

Violation of critical timing in module Testbench.dut.XOR2T_15; 430 ps.

Violation of critical timing in module Testbench.dut.DFF_47; 432 ps.

Violation of critical timing in module Testbench.dut.DFF_47; 472 ps.

Violation of critical timing in module Testbench.dut.AND2T_3; 493 ps.

Violation of critical timing in module Testbench.dut.DFF_47; 512 ps.

Violation of critical timing in module Testbench.dut.DFF_51; 512 ps.

Violation of critical timing in module Testbench.dut.XOR2T_15; 550 ps.

Violation of critical timing in module Testbench.dut.DFF_47; 552 ps.

Violation of critical timing in module Testbench.dut.DFF_51; 552 ps.

Violation of critical timing in module Testbench.dut.AND2T_3; 573 ps.

Violation of critical timing in module Testbench.dut.XOR2T_15; 590 ps.

Violation of critical timing in module Testbench.dut.DFF_47; 592 ps.

Violation of critical timing in module Testbench.dut.DFF_51; 592 ps.

Violation of critical timing in module Testbench.dut.DFF_47; 632 ps.

Violation of critical timing in module Testbench.dut.DFF_51; 632 ps.

Violation of critical timing in module Testbench.dut.AND2T_3; 653 ps.

Violation of critical timing in module Testbench.dut.XOR2T_15; 710 ps.

Violation of critical timing in module Testbench.dut.AND2T_3; 733 ps.

Violation of critical timing in module Testbench.dut.XOR2T_15; 750 ps.

Violation of critical timing in module Testbench.dut.AND2T_3; 813 ps.

Violation of critical timing in module Testbench.dut.DFF_51; 832 ps.

Violation of critical timing in module Testbench.dut.XOR2T_15; 870 ps.

Violation of critical timing in module Testbench.dut.DFF_51; 872 ps.

Violation of critical timing in module Testbench.dut.AND2T_3; 893 ps.

Violation of critical timing in module Testbench.dut.XOR2T_15; 910 ps.

Violation of critical timing in module Testbench.dut.DFF_51; 912 ps.

Violation of critical timing in module Testbench.dut.DFF_51; 952 ps.

Violation of critical timing in module Testbench.dut.AND2T_3; 973 ps.

Violation of critical timing in module Testbench.dut.DFF_47; 992 ps.

